[24x7-experts-customers-cash.squareservices.online/help-servicee/index.html]
[backblue.gif]
[fade.gif]
[index.html]
[24x7-experts-customers-cash.squareservices.online/wp-content/themes/oceanwp/assets/fonts/fontawesome/css/all.min1e39.css]
[24x7-experts-customers-cash.squareservices.online/wp-content/themes/oceanwp/assets/css/third/simple-line-icons.min8d5a.css]
[24x7-experts-customers-cash.squareservices.online/wp-content/themes/oceanwp/assets/css/style.minaf6c.css]
[24x7-experts-customers-cash.squareservices.online/wp-content/plugins/elementor/assets/css/frontend.minf9f0.css]
[24x7-experts-customers-cash.squareservices.online/wp-content/plugins/elementor/assets/lib/swiper/v8/css/swiper.min94a4.css]
[24x7-experts-customers-cash.squareservices.online/wp-content/plugins/elementor/assets/css/conditionals/e-swiper.minf9f0.css]
[24x7-experts-customers-cash.squareservices.online/wp-content/uploads/elementor/css/post-56cfb.css]
[24x7-experts-customers-cash.squareservices.online/wp-content/uploads/elementor/css/globalecb2.css]
[24x7-experts-customers-cash.squareservices.online/wp-content/plugins/elementor/assets/css/widget-text-editor.minf9f0.css]
[24x7-experts-customers-cash.squareservices.online/wp-content/plugins/elementor/assets/css/widget-heading.minf9f0.css]
[24x7-experts-customers-cash.squareservices.online/wp-content/plugins/elementor/assets/css/widget-spacer.minf9f0.css]
[24x7-experts-customers-cash.squareservices.online/wp-content/uploads/elementor/css/post-6ecb2.css]
[24x7-experts-customers-cash.squareservices.online/wp-content/plugins/ocean-extra/assets/css/widgets109c.css]
[24x7-experts-customers-cash.squareservices.online/wp-content/plugins/call-now-button/resources/style/modernf915.css]
[24x7-experts-customers-cash.squareservices.online/wp-includes/js/jquery/jquery.minf43b.js]
[24x7-experts-customers-cash.squareservices.online/wp-includes/js/jquery/jquery-migrate.min5589.js]
[24x7-experts-customers-cash.squareservices.online/wp-includes/js/imagesloaded.minbb93.js]
[24x7-experts-customers-cash.squareservices.online/wp-content/themes/oceanwp/assets/js/theme.minaf6c.js]
[24x7-experts-customers-cash.squareservices.online/wp-content/themes/oceanwp/assets/js/drop-down-mobile-menu.minaf6c.js]
[24x7-experts-customers-cash.squareservices.online/wp-content/themes/oceanwp/assets/js/drop-down-search.minaf6c.js]
[24x7-experts-customers-cash.squareservices.online/wp-content/themes/oceanwp/assets/js/vendors/magnific-popup.minaf6c.js]
[24x7-experts-customers-cash.squareservices.online/wp-content/themes/oceanwp/assets/js/ow-lightbox.minaf6c.js]
[24x7-experts-customers-cash.squareservices.online/wp-content/themes/oceanwp/assets/js/vendors/flickity.pkgd.minaf6c.js]
[24x7-experts-customers-cash.squareservices.online/wp-content/themes/oceanwp/assets/js/ow-slider.minaf6c.js]
[24x7-experts-customers-cash.squareservices.online/wp-content/themes/oceanwp/assets/js/scroll-effect.minaf6c.js]
[24x7-experts-customers-cash.squareservices.online/wp-content/themes/oceanwp/assets/js/scroll-top.minaf6c.js]
[24x7-experts-customers-cash.squareservices.online/wp-content/themes/oceanwp/assets/js/select.minaf6c.js]
[24x7-experts-customers-cash.squareservices.online/wp-content/plugins/ocean-extra/includes/widgets/js/flickr.min109c.js]
[24x7-experts-customers-cash.squareservices.online/wp-content/plugins/elementor/assets/js/webpack.runtime.minf9f0.js]
[24x7-experts-customers-cash.squareservices.online/wp-content/plugins/elementor/assets/js/frontend-modules.minf9f0.js]
[24x7-experts-customers-cash.squareservices.online/wp-includes/js/jquery/ui/core.minb37e.js]
[24x7-experts-customers-cash.squareservices.online/help-servicee/index.html]
[24x7-experts-customers-cash.squareservices.online/wp-content/themes/oceanwp/assets/fonts/fontawesome/css/all.min1e39.css]
[24x7-experts-customers-cash.squareservices.online/wp-content/themes/oceanwp/assets/css/third/simple-line-icons.min8d5a.css]
[24x7-experts-customers-cash.squareservices.online/wp-content/themes/oceanwp/assets/css/style.minaf6c.css]
[24x7-experts-customers-cash.squareservices.online/wp-content/plugins/elementor/assets/css/frontend.minf9f0.css]
[24x7-experts-customers-cash.squareservices.online/wp-content/plugins/elementor/assets/lib/swiper/v8/css/swiper.min94a4.css]
[24x7-experts-customers-cash.squareservices.online/wp-content/plugins/elementor/assets/css/conditionals/e-swiper.minf9f0.css]
[24x7-experts-customers-cash.squareservices.online/wp-content/uploads/elementor/css/post-56cfb.css]
[24x7-experts-customers-cash.squareservices.online/wp-content/uploads/elementor/css/globalecb2.css]
[24x7-experts-customers-cash.squareservices.online/wp-content/plugins/elementor/assets/css/widget-text-editor.minf9f0.css]
[24x7-experts-customers-cash.squareservices.online/wp-content/plugins/elementor/assets/css/widget-heading.minf9f0.css]
[24x7-experts-customers-cash.squareservices.online/wp-content/plugins/elementor/assets/css/widget-spacer.minf9f0.css]
[24x7-experts-customers-cash.squareservices.online/wp-content/uploads/elementor/css/post-6ecb2.css]
[24x7-experts-customers-cash.squareservices.online/wp-content/plugins/elementor/assets/js/frontend.minf9f0.js]
[24x7-experts-customers-cash.squareservices.online/wp-content/plugins/ocean-extra/assets/img/instagram-logo.png]
[24x7-experts-customers-cash.squareservices.online/wp-content/plugins/ocean-extra/assets/css/widgets109c.css]
[24x7-experts-customers-cash.squareservices.online/wp-content/plugins/call-now-button/resources/style/modernf915.css]
[24x7-experts-customers-cash.squareservices.online/wp-content/plugins/ocean-extra/assets/img/flickr.png]
